// Jest Snapshot v1, https://goo.gl/fbAQLP

exports[`<Institution /> renders correctly 1`] = `
<RCTSafeAreaView
  emulateUnlessSupported={true}
  style={
    Object {
      "backgroundColor": "#FAFAFA",
      "flex": 1,
    }
  }
>
  <RCTScrollView
    contentContainerStyle={
      Object {
        "paddingTop": 120,
      }
    }
    onContentSizeChange={[Function]}
    onScroll={[Function]}
    scrollEnabled={true}
    scrollEventThrottle={16}
  >
    <View />
  </RCTScrollView>
</RCTSafeAreaView>
`;
